
 N E X T F L O W   ~  version 24.04.4

Launching `/app/workflows_user/feature_based_molecular_networking_workflow/nf_workflow.nf` [golden_bhabha] DSL2 - revision: 4f081d111f

[-        ] filesummary                    -
[-        ] qua…fication_table_reformatted -
[-        ] filter_spectra                 -
[-        ] librarySearchData              -
[-        ] librarymergeResults            -
[-        ] summaryLibrary                 -

[-        ] filesummary                    -
[-        ] qua…fication_table_reformatted -
[-        ] filter_spectra                 -
[-        ] librarySearchData              -
[-        ] librarymergeResults            -
[-        ] summaryLibrary                 -
[-        ] librarygetGNPSAnnotations      -
[-        ] networkingGNPSPrepParams       -
[-        ] calculatePairs                 -
[-        ] filterNetwork                  -
[-        ] createMetadataFile             -
[-        ] calculateGroupings             -
[-        ] enrichClusterSummary           -
[-        ] createNetworkGraphML           -
[-        ] createTallRawData              -
[-        ] createMztabOutput              -

[-        ] filesummary                    | 0 of 1
[-        ] qua…fication_table_reformatted | 0 of 1
[-        ] filter_spectra                 -
[-        ] librarySearchData              -
[-        ] librarymergeResults            -
[-        ] summaryLibrary                 | 0 of 32
[-        ] librarygetGNPSAnnotations      -
[-        ] networkingGNPSPrepParams       -
[-        ] calculatePairs                 -
[-        ] filterNetwork                  -
[-        ] createMetadataFile             | 0 of 1
[-        ] calculateGroupings             -
[-        ] enrichClusterSummary           -
[-        ] createNetworkGraphML           -
[-        ] createTallRawData              -
[-        ] createMztabOutput              -

executor >  slurm (5)
[-        ] filesummary                    | 0 of 1
[-        ] qua…fication_table_reformatted | 0 of 1
[-        ] filter_spectra                 -
[-        ] librarySearchData              -
[-        ] librarymergeResults            -
[fa/2cce92] summaryLibrary (13)            | 0 of 75
[-        ] librarygetGNPSAnnotations      -
[-        ] networkingGNPSPrepParams       -
[-        ] calculatePairs                 -
[-        ] filterNetwork                  -
[-        ] createMetadataFile             | 0 of 1
[-        ] calculateGroupings             -
[-        ] enrichClusterSummary           -
[-        ] createNetworkGraphML           -
[-        ] createTallRawData              -
[-        ] createMztabOutput              -

executor >  slurm (6)
[-        ] filesummary                    | 0 of 1
[-        ] qua…fication_table_reformatted | 0 of 1
[-        ] filter_spectra                 -
[-        ] librarySearchData              -
[-        ] librarymergeResults            -
[0a/a67edc] summaryLibrary (15)            | 0 of 75
[-        ] librarygetGNPSAnnotations      -
[-        ] networkingGNPSPrepParams       -
[-        ] calculatePairs                 -
[-        ] filterNetwork                  -
[-        ] createMetadataFile             | 0 of 1
[-        ] calculateGroupings             -
[-        ] enrichClusterSummary           -
[-        ] createNetworkGraphML           -
[-        ] createTallRawData              -
[-        ] createMztabOutput              -

executor >  slurm (15)
[d9/74147c] filesummary (1)                | 0 of 1
[99/b841ff] qua…tion_table_reformatted (1) | 0 of 1
[-        ] filter_spectra                 -
[-        ] librarySearchData              -
[-        ] librarymergeResults            -
[9e/8f38eb] summaryLibrary (4)             | 0 of 75
[-        ] librarygetGNPSAnnotations      -
[-        ] networkingGNPSPrepParams       -
[-        ] calculatePairs                 -
[-        ] filterNetwork                  -
[-        ] createMetadataFile             | 0 of 1
[-        ] calculateGroupings             -
[-        ] enrichClusterSummary           -
[-        ] createNetworkGraphML           -
[-        ] createTallRawData              -
[-        ] createMztabOutput              -

executor >  slurm (19)
[d9/74147c] filesummary (1)                | 0 of 1
[99/b841ff] qua…tion_table_reformatted (1) | 0 of 1
[-        ] filter_spectra                 -
[-        ] librarySearchData              -
[-        ] librarymergeResults            -
[a7/fff154] summaryLibrary (1)             | 0 of 75
[-        ] librarygetGNPSAnnotations      -
[-        ] networkingGNPSPrepParams       -
[-        ] calculatePairs                 -
[-        ] filterNetwork                  -
[66/909f36] createMetadataFile             | 0 of 1
[-        ] calculateGroupings             -
[-        ] enrichClusterSummary           -
[-        ] createNetworkGraphML           -
[-        ] createTallRawData              -
[-        ] createMztabOutput              -

executor >  slurm (19)
[d9/74147c] filesummary (1)                | 0 of 1
[99/b841ff] qua…tion_table_reformatted (1) | 0 of 1
[-        ] filter_spectra                 -
[-        ] librarySearchData              -
[-        ] librarymergeResults            -
[a7/fff154] summaryLibrary (1)             | 0 of 75
[-        ] librarygetGNPSAnnotations      -
[-        ] networkingGNPSPrepParams       -
[-        ] calculatePairs                 -
[-        ] filterNetwork                  -
[66/909f36] createMetadataFile             | 0 of 1
[-        ] calculateGroupings             -
[-        ] enrichClusterSummary           -
[-        ] createNetworkGraphML           -
[-        ] createTallRawData              -
[-        ] createMztabOutput              -

executor >  slurm (20)
[d9/74147c] filesummary (1)                | 0 of 1
[99/b841ff] qua…tion_table_reformatted (1) | 0 of 1
[-        ] filter_spectra                 -
[-        ] librarySearchData              -
[-        ] librarymergeResults            -
[9f/e05249] summaryLibrary (10)            | 1 of 75
[-        ] librarygetGNPSAnnotations      -
[-        ] networkingGNPSPrepParams       -
[-        ] calculatePairs                 -
[-        ] filterNetwork                  -
[66/909f36] createMetadataFile             | 0 of 1
[-        ] calculateGroupings             -
[-        ] enrichClusterSummary           -
[-        ] createNetworkGraphML           -
[-        ] createTallRawData              -
[-        ] createMztabOutput              -

executor >  slurm (21)
[d9/74147c] filesummary (1)                | 1 of 1 ✔
[99/b841ff] qua…tion_table_reformatted (1) | 0 of 1
[-        ] filter_spectra                 -
[-        ] librarySearchData              -
[-        ] librarymergeResults            -
[9e/8f38eb] summaryLibrary (4)             | 15 of 75
[-        ] librarygetGNPSAnnotations      -
[-        ] networkingGNPSPrepParams       -
[-        ] calculatePairs                 -
[-        ] filterNetwork                  -
[66/909f36] createMetadataFile             | 1 of 1 ✔
[-        ] calculateGroupings             -
[-        ] enrichClusterSummary           -
[-        ] createNetworkGraphML           -
[-        ] createTallRawData              -
[-        ] createMztabOutput              -

executor >  slurm (29)
[d9/74147c] filesummary (1)                | 1 of 1 ✔
[99/b841ff] qua…tion_table_reformatted (1) | 1 of 1 ✔
[-        ] filter_spectra                 | 0 of 1
[-        ] librarySearchData              -
[-        ] librarymergeResults            -
[1a/4e94a3] summaryLibrary (26)            | 17 of 75
[-        ] librarygetGNPSAnnotations      -
[-        ] networkingGNPSPrepParams       -
[-        ] calculatePairs                 -
[-        ] filterNetwork                  -
[66/909f36] createMetadataFile             | 1 of 1 ✔
[-        ] calculateGroupings             | 0 of 1
[-        ] enrichClusterSummary           -
[-        ] createNetworkGraphML           -
[-        ] createTallRawData              | 0 of 1
[-        ] createMztabOutput              -

executor >  slurm (39)
[d9/74147c] filesummary (1)                | 1 of 1 ✔
[99/b841ff] qua…tion_table_reformatted (1) | 1 of 1 ✔
[19/ea6820] filter_spectra (1)             | 0 of 1
[-        ] librarySearchData              -
[-        ] librarymergeResults            -
[fd/407c18] summaryLibrary (34)            | 17 of 75
[-        ] librarygetGNPSAnnotations      -
[-        ] networkingGNPSPrepParams       -
[-        ] calculatePairs                 -
[-        ] filterNetwork                  -
[66/909f36] createMetadataFile             | 1 of 1 ✔
[ab/a040c8] calculateGroupings (1)         | 0 of 1
[-        ] enrichClusterSummary           -
[-        ] createNetworkGraphML           -
[1f/2a298e] createTallRawData (1)          | 0 of 1
[-        ] createMztabOutput              -

executor >  slurm (41)
[d9/74147c] filesummary (1)                | 1 of 1 ✔
[99/b841ff] qua…tion_table_reformatted (1) | 1 of 1 ✔
[19/ea6820] filter_spectra (1)             | 1 of 1 ✔
[-        ] librarySearchData              -
[-        ] librarymergeResults            -
[fd/407c18] summaryLibrary (34)            | 31 of 75
[-        ] librarygetGNPSAnnotations      -
[-        ] networkingGNPSPrepParams       -
[-        ] calculatePairs                 -
[-        ] filterNetwork                  -
[66/909f36] createMetadataFile             | 1 of 1 ✔
[ab/a040c8] calculateGroupings (1)         | 1 of 1 ✔
[-        ] enrichClusterSummary           -
[-        ] createNetworkGraphML           -
[1f/2a298e] createTallRawData (1)          | 1 of 1 ✔
[-        ] createMztabOutput              -

executor >  slurm (50)
[d9/74147c] filesummary (1)                | 1 of 1 ✔
[99/b841ff] qua…tion_table_reformatted (1) | 1 of 1 ✔
[19/ea6820] filter_spectra (1)             | 1 of 1 ✔
[-        ] librarySearchData              | 0 of 75
[-        ] librarymergeResults            -
[47/d6c7b2] summaryLibrary (43)            | 31 of 75
[-        ] librarygetGNPSAnnotations      -
[-        ] networkingGNPSPrepParams       | 0 of 1
[-        ] calculatePairs                 -
[-        ] filterNetwork                  -
[66/909f36] createMetadataFile             | 1 of 1 ✔
[ab/a040c8] calculateGroupings (1)         | 1 of 1 ✔
[-        ] enrichClusterSummary           -
[-        ] createNetworkGraphML           -
[1f/2a298e] createTallRawData (1)          | 1 of 1 ✔
[-        ] createMztabOutput              -

executor >  slurm (60)
[d9/74147c] filesummary (1)                | 1 of 1 ✔
[99/b841ff] qua…tion_table_reformatted (1) | 1 of 1 ✔
[19/ea6820] filter_spectra (1)             | 1 of 1 ✔
[d8/05a85a] librarySearchData (13)         | 0 of 75
[-        ] librarymergeResults            -
[e0/10c5f6] summaryLibrary (58)            | 31 of 75
[-        ] librarygetGNPSAnnotations      -
[be/55d58f] networkingGNPSPrepParams (1)   | 0 of 1
[-        ] calculatePairs                 -
[-        ] filterNetwork                  -
[66/909f36] createMetadataFile             | 1 of 1 ✔
[ab/a040c8] calculateGroupings (1)         | 1 of 1 ✔
[-        ] enrichClusterSummary           -
[-        ] createNetworkGraphML           -
[1f/2a298e] createTallRawData (1)          | 1 of 1 ✔
[-        ] createMztabOutput              -

executor >  slurm (69)
[d9/74147c] filesummary (1)                | 1 of 1 ✔
[99/b841ff] qua…tion_table_reformatted (1) | 1 of 1 ✔
[19/ea6820] filter_spectra (1)             | 1 of 1 ✔
[29/ac4423] librarySearchData (12)         | 0 of 75
[-        ] librarymergeResults            -
[e0/10c5f6] summaryLibrary (58)            | 31 of 75
[-        ] librarygetGNPSAnnotations      -
[be/55d58f] networkingGNPSPrepParams (1)   | 0 of 1
[-        ] calculatePairs                 -
[-        ] filterNetwork                  -
[66/909f36] createMetadataFile             | 1 of 1 ✔
[ab/a040c8] calculateGroupings (1)         | 1 of 1 ✔
[-        ] enrichClusterSummary           -
[-        ] createNetworkGraphML           -
[1f/2a298e] createTallRawData (1)          | 1 of 1 ✔
[-        ] createMztabOutput              -

executor >  slurm (70)
[d9/74147c] filesummary (1)                | 1 of 1 ✔
[99/b841ff] qua…tion_table_reformatted (1) | 1 of 1 ✔
[19/ea6820] filter_spectra (1)             | 1 of 1 ✔
[cc/10e3fa] librarySearchData (3)          | 0 of 75
[-        ] librarymergeResults            -
[e0/10c5f6] summaryLibrary (58)            | 31 of 75
[-        ] librarygetGNPSAnnotations      -
[be/55d58f] networkingGNPSPrepParams (1)   | 0 of 1
[-        ] calculatePairs                 -
[-        ] filterNetwork                  -
[66/909f36] createMetadataFile             | 1 of 1 ✔
[ab/a040c8] calculateGroupings (1)         | 1 of 1 ✔
[-        ] enrichClusterSummary           -
[-        ] createNetworkGraphML           -
[1f/2a298e] createTallRawData (1)          | 1 of 1 ✔
[-        ] createMztabOutput              -

executor >  slurm (75)
[d9/74147c] filesummary (1)                | 1 of 1 ✔
[99/b841ff] qua…tion_table_reformatted (1) | 1 of 1 ✔
[19/ea6820] filter_spectra (1)             | 1 of 1 ✔
[38/440658] librarySearchData (15)         | 2 of 75
[-        ] librarymergeResults            -
[5d/05ec01] summaryLibrary (50)            | 40 of 75
[-        ] librarygetGNPSAnnotations      -
[be/55d58f] networkingGNPSPrepParams (1)   | 1 of 1 ✔
[-        ] calculatePairs                 | 0 of 2
[-        ] filterNetwork                  -
[66/909f36] createMetadataFile             | 1 of 1 ✔
[ab/a040c8] calculateGroupings (1)         | 1 of 1 ✔
[-        ] enrichClusterSummary           -
[-        ] createNetworkGraphML           -
[1f/2a298e] createTallRawData (1)          | 1 of 1 ✔
[-        ] createMztabOutput              -

executor >  slurm (83)
[d9/74147c] filesummary (1)                | 1 of 1 ✔
[99/b841ff] qua…tion_table_reformatted (1) | 1 of 1 ✔
[19/ea6820] filter_spectra (1)             | 1 of 1 ✔
[75/aefd4e] librarySearchData (20)         | 2 of 75
[-        ] librarymergeResults            -
[d5/ff544d] summaryLibrary (55)            | 40 of 75
[-        ] librarygetGNPSAnnotations      -
[be/55d58f] networkingGNPSPrepParams (1)   | 1 of 1 ✔
[39/edca18] calculatePairs (1)             | 0 of 2
[-        ] filterNetwork                  -
[66/909f36] createMetadataFile             | 1 of 1 ✔
[ab/a040c8] calculateGroupings (1)         | 1 of 1 ✔
[-        ] enrichClusterSummary           -
[-        ] createNetworkGraphML           -
[1f/2a298e] createTallRawData (1)          | 1 of 1 ✔
[-        ] createMztabOutput              -

executor >  slurm (89)
[d9/74147c] filesummary (1)                | 1 of 1 ✔
[99/b841ff] qua…tion_table_reformatted (1) | 1 of 1 ✔
[19/ea6820] filter_spectra (1)             | 1 of 1 ✔
[75/aefd4e] librarySearchData (20)         | 14 of 75
[-        ] librarymergeResults            -
[35/c43661] summaryLibrary (62)            | 51 of 75
[-        ] librarygetGNPSAnnotations      -
[be/55d58f] networkingGNPSPrepParams (1)   | 1 of 1 ✔
[39/edca18] calculatePairs (1)             | 0 of 2
[-        ] filterNetwork                  -
[66/909f36] createMetadataFile             | 1 of 1 ✔
[ab/a040c8] calculateGroupings (1)         | 1 of 1 ✔
[-        ] enrichClusterSummary           -
[-        ] createNetworkGraphML           -
[1f/2a298e] createTallRawData (1)          | 1 of 1 ✔
[-        ] createMztabOutput              -

executor >  slurm (98)
[d9/74147c] filesummary (1)                | 1 of 1 ✔
[99/b841ff] qua…tion_table_reformatted (1) | 1 of 1 ✔
[19/ea6820] filter_spectra (1)             | 1 of 1 ✔
[ad/515eb0] librarySearchData (21)         | 14 of 75
[-        ] librarymergeResults            -
[70/e2e388] summaryLibrary (67)            | 51 of 75
[-        ] librarygetGNPSAnnotations      -
[be/55d58f] networkingGNPSPrepParams (1)   | 1 of 1 ✔
[39/edca18] calculatePairs (1)             | 0 of 2
[-        ] filterNetwork                  -
[66/909f36] createMetadataFile             | 1 of 1 ✔
[ab/a040c8] calculateGroupings (1)         | 1 of 1 ✔
[-        ] enrichClusterSummary           -
[-        ] createNetworkGraphML           -
[1f/2a298e] createTallRawData (1)          | 1 of 1 ✔
[-        ] createMztabOutput              -

executor >  slurm (106)
[d9/74147c] filesummary (1)                | 1 of 1 ✔
[99/b841ff] qua…tion_table_reformatted (1) | 1 of 1 ✔
[19/ea6820] filter_spectra (1)             | 1 of 1 ✔
[b1/e6bafe] librarySearchData (29)         | 14 of 75
[-        ] librarymergeResults            -
[70/e2e388] summaryLibrary (67)            | 51 of 75
[-        ] librarygetGNPSAnnotations      -
[be/55d58f] networkingGNPSPrepParams (1)   | 1 of 1 ✔
[39/edca18] calculatePairs (1)             | 0 of 2
[-        ] filterNetwork                  -
[66/909f36] createMetadataFile             | 1 of 1 ✔
[ab/a040c8] calculateGroupings (1)         | 1 of 1 ✔
[-        ] enrichClusterSummary           -
[-        ] createNetworkGraphML           -
[1f/2a298e] createTallRawData (1)          | 1 of 1 ✔
[-        ] createMztabOutput              -

executor >  slurm (111)
[d9/74147c] filesummary (1)                | 1 of 1 ✔
[99/b841ff] qua…tion_table_reformatted (1) | 1 of 1 ✔
[19/ea6820] filter_spectra (1)             | 1 of 1 ✔
[a1/945d1b] librarySearchData (34)         | 22 of 75
[-        ] librarymergeResults            -
[7d/ba3aa0] summaryLibrary (72)            | 58 of 75
[-        ] librarygetGNPSAnnotations      -
[be/55d58f] networkingGNPSPrepParams (1)   | 1 of 1 ✔
[d0/8478f5] calculatePairs (2)             | 1 of 2
[-        ] filterNetwork                  -
[66/909f36] createMetadataFile             | 1 of 1 ✔
[ab/a040c8] calculateGroupings (1)         | 1 of 1 ✔
[-        ] enrichClusterSummary           -
[-        ] createNetworkGraphML           -
[1f/2a298e] createTallRawData (1)          | 1 of 1 ✔
[-        ] createMztabOutput              -

executor >  slurm (120)
[d9/74147c] filesummary (1)                | 1 of 1 ✔
[99/b841ff] qua…tion_table_reformatted (1) | 1 of 1 ✔
[19/ea6820] filter_spectra (1)             | 1 of 1 ✔
[ad/85915f] librarySearchData (38)         | 22 of 75
[-        ] librarymergeResults            -
[02/d48b77] summaryLibrary (74)            | 58 of 75
[-        ] librarygetGNPSAnnotations      -
[be/55d58f] networkingGNPSPrepParams (1)   | 1 of 1 ✔
[d0/8478f5] calculatePairs (2)             | 1 of 2
[-        ] filterNetwork                  -
[66/909f36] createMetadataFile             | 1 of 1 ✔
[ab/a040c8] calculateGroupings (1)         | 1 of 1 ✔
[-        ] enrichClusterSummary           -
[-        ] createNetworkGraphML           -
[1f/2a298e] createTallRawData (1)          | 1 of 1 ✔
[-        ] createMztabOutput              -

executor >  slurm (121)
[d9/74147c] filesummary (1)                | 1 of 1 ✔
[99/b841ff] qua…tion_table_reformatted (1) | 1 of 1 ✔
[19/ea6820] filter_spectra (1)             | 1 of 1 ✔
[49/f74562] librarySearchData (37)         | 22 of 75
[-        ] librarymergeResults            -
[02/d48b77] summaryLibrary (74)            | 58 of 75
[-        ] librarygetGNPSAnnotations      -
[be/55d58f] networkingGNPSPrepParams (1)   | 1 of 1 ✔
[d0/8478f5] calculatePairs (2)             | 1 of 2
[-        ] filterNetwork                  -
[66/909f36] createMetadataFile             | 1 of 1 ✔
[ab/a040c8] calculateGroupings (1)         | 1 of 1 ✔
[-        ] enrichClusterSummary           -
[-        ] createNetworkGraphML           -
[1f/2a298e] createTallRawData (1)          | 1 of 1 ✔
[-        ] createMztabOutput              -

executor >  slurm (124)
[d9/74147c] filesummary (1)                | 1 of 1 ✔
[99/b841ff] qua…tion_table_reformatted (1) | 1 of 1 ✔
[19/ea6820] filter_spectra (1)             | 1 of 1 ✔
[1f/2397c9] librarySearchData (40)         | 29 of 75
[-        ] librarymergeResults            -
[02/d48b77] summaryLibrary (74)            | 70 of 75
[-        ] librarygetGNPSAnnotations      -
[be/55d58f] networkingGNPSPrepParams (1)   | 1 of 1 ✔
[39/edca18] calculatePairs (1)             | 2 of 2 ✔
[-        ] filterNetwork                  | 0 of 1
[66/909f36] createMetadataFile             | 1 of 1 ✔
[ab/a040c8] calculateGroupings (1)         | 1 of 1 ✔
[-        ] enrichClusterSummary           -
[-        ] createNetworkGraphML           -
[1f/2a298e] createTallRawData (1)          | 1 of 1 ✔
[-        ] createMztabOutput              -

executor >  slurm (130)
[d9/74147c] filesummary (1)                | 1 of 1 ✔
[99/b841ff] qua…tion_table_reformatted (1) | 1 of 1 ✔
[19/ea6820] filter_spectra (1)             | 1 of 1 ✔
[a7/2fe27f] librarySearchData (45)         | 29 of 75
[-        ] librarymergeResults            -
[02/d48b77] summaryLibrary (74)            | 70 of 75
[-        ] librarygetGNPSAnnotations      -
[be/55d58f] networkingGNPSPrepParams (1)   | 1 of 1 ✔
[39/edca18] calculatePairs (1)             | 2 of 2 ✔
[13/dea9a8] filterNetwork (1)              | 0 of 1
[66/909f36] createMetadataFile             | 1 of 1 ✔
[ab/a040c8] calculateGroupings (1)         | 1 of 1 ✔
[-        ] enrichClusterSummary           -
[-        ] createNetworkGraphML           -
[1f/2a298e] createTallRawData (1)          | 1 of 1 ✔
[-        ] createMztabOutput              -

executor >  slurm (130)
[d9/74147c] filesummary (1)                | 1 of 1 ✔
[99/b841ff] qua…tion_table_reformatted (1) | 1 of 1 ✔
[19/ea6820] filter_spectra (1)             | 1 of 1 ✔
[a7/2fe27f] librarySearchData (45)         | 29 of 75
[-        ] librarymergeResults            -
[02/d48b77] summaryLibrary (74)            | 70 of 75
[-        ] librarygetGNPSAnnotations      -
[be/55d58f] networkingGNPSPrepParams (1)   | 1 of 1 ✔
[39/edca18] calculatePairs (1)             | 2 of 2 ✔
[13/dea9a8] filterNetwork (1)              | 0 of 1
[66/909f36] createMetadataFile             | 1 of 1 ✔
[ab/a040c8] calculateGroupings (1)         | 1 of 1 ✔
[-        ] enrichClusterSummary           -
[-        ] createNetworkGraphML           -
[1f/2a298e] createTallRawData (1)          | 1 of 1 ✔
[-        ] createMztabOutput              -

executor >  slurm (138)
[d9/74147c] filesummary (1)                | 1 of 1 ✔
[99/b841ff] qua…tion_table_reformatted (1) | 1 of 1 ✔
[19/ea6820] filter_spectra (1)             | 1 of 1 ✔
[77/50afc1] librarySearchData (53)         | 37 of 75
[-        ] librarymergeResults            -
[7e/c4d224] summaryLibrary (75)            | 72 of 75
[-        ] librarygetGNPSAnnotations      -
[be/55d58f] networkingGNPSPrepParams (1)   | 1 of 1 ✔
[39/edca18] calculatePairs (1)             | 2 of 2 ✔
[13/dea9a8] filterNetwork (1)              | 1 of 1 ✔
[66/909f36] createMetadataFile             | 1 of 1 ✔
[ab/a040c8] calculateGroupings (1)         | 1 of 1 ✔
[-        ] enrichClusterSummary           -
[-        ] createNetworkGraphML           -
[1f/2a298e] createTallRawData (1)          | 1 of 1 ✔
[-        ] createMztabOutput              -

executor >  slurm (138)
[d9/74147c] filesummary (1)                | 1 of 1 ✔
[99/b841ff] qua…tion_table_reformatted (1) | 1 of 1 ✔
[19/ea6820] filter_spectra (1)             | 1 of 1 ✔
[c6/a63edc] librarySearchData (51)         | 41 of 75
[-        ] librarymergeResults            -
[91/9bb5de] summaryLibrary (37)            | 73 of 75
[-        ] librarygetGNPSAnnotations      -
[be/55d58f] networkingGNPSPrepParams (1)   | 1 of 1 ✔
[39/edca18] calculatePairs (1)             | 2 of 2 ✔
[13/dea9a8] filterNetwork (1)              | 1 of 1 ✔
[66/909f36] createMetadataFile             | 1 of 1 ✔
[ab/a040c8] calculateGroupings (1)         | 1 of 1 ✔
[-        ] enrichClusterSummary           -
[-        ] createNetworkGraphML           -
[1f/2a298e] createTallRawData (1)          | 1 of 1 ✔
[-        ] createMztabOutput              -

executor >  slurm (142)
[d9/74147c] filesummary (1)                | 1 of 1 ✔
[99/b841ff] qua…tion_table_reformatted (1) | 1 of 1 ✔
[19/ea6820] filter_spectra (1)             | 1 of 1 ✔
[36/71f9cf] librarySearchData (57)         | 41 of 75
[-        ] librarymergeResults            -
[91/9bb5de] summaryLibrary (37)            | 73 of 75
[-        ] librarygetGNPSAnnotations      -
[be/55d58f] networkingGNPSPrepParams (1)   | 1 of 1 ✔
[39/edca18] calculatePairs (1)             | 2 of 2 ✔
[13/dea9a8] filterNetwork (1)              | 1 of 1 ✔
[66/909f36] createMetadataFile             | 1 of 1 ✔
[ab/a040c8] calculateGroupings (1)         | 1 of 1 ✔
[-        ] enrichClusterSummary           -
[-        ] createNetworkGraphML           -
[1f/2a298e] createTallRawData (1)          | 1 of 1 ✔
[-        ] createMztabOutput              -

executor >  slurm (143)
[d9/74147c] filesummary (1)                | 1 of 1 ✔
[99/b841ff] qua…tion_table_reformatted (1) | 1 of 1 ✔
[19/ea6820] filter_spectra (1)             | 1 of 1 ✔
[19/f38151] librarySearchData (58)         | 44 of 75
[-        ] librarymergeResults            -
[70/e2e388] summaryLibrary (67)            | 74 of 75
[-        ] librarygetGNPSAnnotations      -
[be/55d58f] networkingGNPSPrepParams (1)   | 1 of 1 ✔
[39/edca18] calculatePairs (1)             | 2 of 2 ✔
[13/dea9a8] filterNetwork (1)              | 1 of 1 ✔
[66/909f36] createMetadataFile             | 1 of 1 ✔
[ab/a040c8] calculateGroupings (1)         | 1 of 1 ✔
[-        ] enrichClusterSummary           -
[-        ] createNetworkGraphML           -
[1f/2a298e] createTallRawData (1)          | 1 of 1 ✔
[-        ] createMztabOutput              -

executor >  slurm (145)
[d9/74147c] filesummary (1)                | 1 of 1 ✔
[99/b841ff] qua…tion_table_reformatted (1) | 1 of 1 ✔
[19/ea6820] filter_spectra (1)             | 1 of 1 ✔
[34/c921a2] librarySearchData (61)         | 44 of 75
[-        ] librarymergeResults            -
[70/e2e388] summaryLibrary (67)            | 74 of 75
[-        ] librarygetGNPSAnnotations      -
[be/55d58f] networkingGNPSPrepParams (1)   | 1 of 1 ✔
[39/edca18] calculatePairs (1)             | 2 of 2 ✔
[13/dea9a8] filterNetwork (1)              | 1 of 1 ✔
[66/909f36] createMetadataFile             | 1 of 1 ✔
[ab/a040c8] calculateGroupings (1)         | 1 of 1 ✔
[-        ] enrichClusterSummary           -
[-        ] createNetworkGraphML           -
[1f/2a298e] createTallRawData (1)          | 1 of 1 ✔
[-        ] createMztabOutput              -

executor >  slurm (148)
[d9/74147c] filesummary (1)                | 1 of 1 ✔
[99/b841ff] qua…tion_table_reformatted (1) | 1 of 1 ✔
[19/ea6820] filter_spectra (1)             | 1 of 1 ✔
[c7/f9a5d7] librarySearchData (63)         | 48 of 75
[-        ] librarymergeResults            -
[70/e2e388] summaryLibrary (67)            | 74 of 75
[-        ] librarygetGNPSAnnotations      -
[be/55d58f] networkingGNPSPrepParams (1)   | 1 of 1 ✔
[39/edca18] calculatePairs (1)             | 2 of 2 ✔
[13/dea9a8] filterNetwork (1)              | 1 of 1 ✔
[66/909f36] createMetadataFile             | 1 of 1 ✔
[ab/a040c8] calculateGroupings (1)         | 1 of 1 ✔
[-        ] enrichClusterSummary           -
[-        ] createNetworkGraphML           -
[1f/2a298e] createTallRawData (1)          | 1 of 1 ✔
[-        ] createMztabOutput              -

executor >  slurm (149)
[d9/74147c] filesummary (1)                | 1 of 1 ✔
[99/b841ff] qua…tion_table_reformatted (1) | 1 of 1 ✔
[19/ea6820] filter_spectra (1)             | 1 of 1 ✔
[40/ac0a67] librarySearchData (65)         | 48 of 75
[-        ] librarymergeResults            -
[70/e2e388] summaryLibrary (67)            | 74 of 75
[-        ] librarygetGNPSAnnotations      -
[be/55d58f] networkingGNPSPrepParams (1)   | 1 of 1 ✔
[39/edca18] calculatePairs (1)             | 2 of 2 ✔
[13/dea9a8] filterNetwork (1)              | 1 of 1 ✔
[66/909f36] createMetadataFile             | 1 of 1 ✔
[ab/a040c8] calculateGroupings (1)         | 1 of 1 ✔
[-        ] enrichClusterSummary           -
[-        ] createNetworkGraphML           -
[1f/2a298e] createTallRawData (1)          | 1 of 1 ✔
[-        ] createMztabOutput              -

executor >  slurm (152)
[d9/74147c] filesummary (1)                | 1 of 1 ✔
[99/b841ff] qua…tion_table_reformatted (1) | 1 of 1 ✔
[19/ea6820] filter_spectra (1)             | 1 of 1 ✔
[e2/d9d946] librarySearchData (64)         | 56 of 75
[-        ] librarymergeResults            -
[5d/a7602d] summaryLibrary (64)            | 75 of 75 ✔
[-        ] librarygetGNPSAnnotations      -
[be/55d58f] networkingGNPSPrepParams (1)   | 1 of 1 ✔
[39/edca18] calculatePairs (1)             | 2 of 2 ✔
[13/dea9a8] filterNetwork (1)              | 1 of 1 ✔
[66/909f36] createMetadataFile             | 1 of 1 ✔
[ab/a040c8] calculateGroupings (1)         | 1 of 1 ✔
[-        ] enrichClusterSummary           -
[-        ] createNetworkGraphML           -
[1f/2a298e] createTallRawData (1)          | 1 of 1 ✔
[-        ] createMztabOutput              -

executor >  slurm (157)
[d9/74147c] filesummary (1)                | 1 of 1 ✔
[99/b841ff] qua…tion_table_reformatted (1) | 1 of 1 ✔
[19/ea6820] filter_spectra (1)             | 1 of 1 ✔
[90/ee6c40] librarySearchData (73)         | 56 of 75
[-        ] librarymergeResults            -
[5d/a7602d] summaryLibrary (64)            | 75 of 75 ✔
[-        ] librarygetGNPSAnnotations      -
[be/55d58f] networkingGNPSPrepParams (1)   | 1 of 1 ✔
[39/edca18] calculatePairs (1)             | 2 of 2 ✔
[13/dea9a8] filterNetwork (1)              | 1 of 1 ✔
[66/909f36] createMetadataFile             | 1 of 1 ✔
[ab/a040c8] calculateGroupings (1)         | 1 of 1 ✔
[-        ] enrichClusterSummary           -
[-        ] createNetworkGraphML           -
[1f/2a298e] createTallRawData (1)          | 1 of 1 ✔
[-        ] createMztabOutput              -

executor >  slurm (160)
[d9/74147c] filesummary (1)                | 1 of 1 ✔
[99/b841ff] qua…tion_table_reformatted (1) | 1 of 1 ✔
[19/ea6820] filter_spectra (1)             | 1 of 1 ✔
[95/92f184] librarySearchData (75)         | 59 of 75
[-        ] librarymergeResults            -
[5d/a7602d] summaryLibrary (64)            | 75 of 75 ✔
[-        ] librarygetGNPSAnnotations      -
[be/55d58f] networkingGNPSPrepParams (1)   | 1 of 1 ✔
[39/edca18] calculatePairs (1)             | 2 of 2 ✔
[13/dea9a8] filterNetwork (1)              | 1 of 1 ✔
[66/909f36] createMetadataFile             | 1 of 1 ✔
[ab/a040c8] calculateGroupings (1)         | 1 of 1 ✔
[-        ] enrichClusterSummary           -
[-        ] createNetworkGraphML           -
[1f/2a298e] createTallRawData (1)          | 1 of 1 ✔
[-        ] createMztabOutput              -

executor >  slurm (160)
[d9/74147c] filesummary (1)                | 1 of 1 ✔
[99/b841ff] qua…tion_table_reformatted (1) | 1 of 1 ✔
[19/ea6820] filter_spectra (1)             | 1 of 1 ✔
[5b/2d785a] librarySearchData (74)         | 65 of 75
[-        ] librarymergeResults            -
[5d/a7602d] summaryLibrary (64)            | 75 of 75 ✔
[-        ] librarygetGNPSAnnotations      -
[be/55d58f] networkingGNPSPrepParams (1)   | 1 of 1 ✔
[39/edca18] calculatePairs (1)             | 2 of 2 ✔
[13/dea9a8] filterNetwork (1)              | 1 of 1 ✔
[66/909f36] createMetadataFile             | 1 of 1 ✔
[ab/a040c8] calculateGroupings (1)         | 1 of 1 ✔
[-        ] enrichClusterSummary           -
[-        ] createNetworkGraphML           -
[1f/2a298e] createTallRawData (1)          | 1 of 1 ✔
[-        ] createMztabOutput              -

executor >  slurm (160)
[d9/74147c] filesummary (1)                | 1 of 1 ✔
[99/b841ff] qua…tion_table_reformatted (1) | 1 of 1 ✔
[19/ea6820] filter_spectra (1)             | 1 of 1 ✔
[95/92f184] librarySearchData (75)         | 67 of 75
[-        ] librarymergeResults            -
[5d/a7602d] summaryLibrary (64)            | 75 of 75 ✔
[-        ] librarygetGNPSAnnotations      -
[be/55d58f] networkingGNPSPrepParams (1)   | 1 of 1 ✔
[39/edca18] calculatePairs (1)             | 2 of 2 ✔
[13/dea9a8] filterNetwork (1)              | 1 of 1 ✔
[66/909f36] createMetadataFile             | 1 of 1 ✔
[ab/a040c8] calculateGroupings (1)         | 1 of 1 ✔
[-        ] enrichClusterSummary           -
[-        ] createNetworkGraphML           -
[1f/2a298e] createTallRawData (1)          | 1 of 1 ✔
[-        ] createMztabOutput              -

executor >  slurm (160)
[d9/74147c] filesummary (1)                | 1 of 1 ✔
[99/b841ff] qua…tion_table_reformatted (1) | 1 of 1 ✔
[19/ea6820] filter_spectra (1)             | 1 of 1 ✔
[77/50afc1] librarySearchData (53)         | 69 of 75
[-        ] librarymergeResults            -
[5d/a7602d] summaryLibrary (64)            | 75 of 75 ✔
[-        ] librarygetGNPSAnnotations      -
[be/55d58f] networkingGNPSPrepParams (1)   | 1 of 1 ✔
[39/edca18] calculatePairs (1)             | 2 of 2 ✔
[13/dea9a8] filterNetwork (1)              | 1 of 1 ✔
[66/909f36] createMetadataFile             | 1 of 1 ✔
[ab/a040c8] calculateGroupings (1)         | 1 of 1 ✔
[-        ] enrichClusterSummary           -
[-        ] createNetworkGraphML           -
[1f/2a298e] createTallRawData (1)          | 1 of 1 ✔
[-        ] createMztabOutput              -

executor >  slurm (160)
[d9/74147c] filesummary (1)                | 1 of 1 ✔
[99/b841ff] qua…tion_table_reformatted (1) | 1 of 1 ✔
[19/ea6820] filter_spectra (1)             | 1 of 1 ✔
[02/db93d1] librarySearchData (59)         | 70 of 75
[-        ] librarymergeResults            -
[5d/a7602d] summaryLibrary (64)            | 75 of 75 ✔
[-        ] librarygetGNPSAnnotations      -
[be/55d58f] networkingGNPSPrepParams (1)   | 1 of 1 ✔
[39/edca18] calculatePairs (1)             | 2 of 2 ✔
[13/dea9a8] filterNetwork (1)              | 1 of 1 ✔
[66/909f36] createMetadataFile             | 1 of 1 ✔
[ab/a040c8] calculateGroupings (1)         | 1 of 1 ✔
[-        ] enrichClusterSummary           -
[-        ] createNetworkGraphML           -
[1f/2a298e] createTallRawData (1)          | 1 of 1 ✔
[-        ] createMztabOutput              -

executor >  slurm (160)
[d9/74147c] filesummary (1)                | 1 of 1 ✔
[99/b841ff] qua…tion_table_reformatted (1) | 1 of 1 ✔
[19/ea6820] filter_spectra (1)             | 1 of 1 ✔
[e2/d9d946] librarySearchData (64)         | 73 of 75
[-        ] librarymergeResults            -
[5d/a7602d] summaryLibrary (64)            | 75 of 75 ✔
[-        ] librarygetGNPSAnnotations      -
[be/55d58f] networkingGNPSPrepParams (1)   | 1 of 1 ✔
[39/edca18] calculatePairs (1)             | 2 of 2 ✔
[13/dea9a8] filterNetwork (1)              | 1 of 1 ✔
[66/909f36] createMetadataFile             | 1 of 1 ✔
[ab/a040c8] calculateGroupings (1)         | 1 of 1 ✔
[-        ] enrichClusterSummary           -
[-        ] createNetworkGraphML           -
[1f/2a298e] createTallRawData (1)          | 1 of 1 ✔
[-        ] createMztabOutput              -

executor >  slurm (160)
[d9/74147c] filesummary (1)                | 1 of 1 ✔
[99/b841ff] qua…tion_table_reformatted (1) | 1 of 1 ✔
[19/ea6820] filter_spectra (1)             | 1 of 1 ✔
[51/f75480] librarySearchData (67)         | 74 of 75
[-        ] librarymergeResults            -
[5d/a7602d] summaryLibrary (64)            | 75 of 75 ✔
[-        ] librarygetGNPSAnnotations      -
[be/55d58f] networkingGNPSPrepParams (1)   | 1 of 1 ✔
[39/edca18] calculatePairs (1)             | 2 of 2 ✔
[13/dea9a8] filterNetwork (1)              | 1 of 1 ✔
[66/909f36] createMetadataFile             | 1 of 1 ✔
[ab/a040c8] calculateGroupings (1)         | 1 of 1 ✔
[-        ] enrichClusterSummary           -
[-        ] createNetworkGraphML           -
[1f/2a298e] createTallRawData (1)          | 1 of 1 ✔
[-        ] createMztabOutput              -

executor >  slurm (161)
[d9/74147c] filesummary (1)                | 1 of 1 ✔
[99/b841ff] qua…tion_table_reformatted (1) | 1 of 1 ✔
[19/ea6820] filter_spectra (1)             | 1 of 1 ✔
[49/f74562] librarySearchData (37)         | 75 of 75 ✔
[80/ea9f34] librarymergeResults            | 0 of 1
[5d/a7602d] summaryLibrary (64)            | 75 of 75 ✔
[-        ] librarygetGNPSAnnotations      -
[be/55d58f] networkingGNPSPrepParams (1)   | 1 of 1 ✔
[39/edca18] calculatePairs (1)             | 2 of 2 ✔
[13/dea9a8] filterNetwork (1)              | 1 of 1 ✔
[66/909f36] createMetadataFile             | 1 of 1 ✔
[ab/a040c8] calculateGroupings (1)         | 1 of 1 ✔
[-        ] enrichClusterSummary           -
[-        ] createNetworkGraphML           -
[1f/2a298e] createTallRawData (1)          | 1 of 1 ✔
[-        ] createMztabOutput              -

executor >  slurm (161)
[d9/74147c] filesummary (1)                | 1 of 1 ✔
[99/b841ff] qua…tion_table_reformatted (1) | 1 of 1 ✔
[19/ea6820] filter_spectra (1)             | 1 of 1 ✔
[49/f74562] librarySearchData (37)         | 75 of 75 ✔
[80/ea9f34] librarymergeResults            | 0 of 1
[5d/a7602d] summaryLibrary (64)            | 75 of 75 ✔
[-        ] librarygetGNPSAnnotations      -
[be/55d58f] networkingGNPSPrepParams (1)   | 1 of 1 ✔
[39/edca18] calculatePairs (1)             | 2 of 2 ✔
[13/dea9a8] filterNetwork (1)              | 1 of 1 ✔
[66/909f36] createMetadataFile             | 1 of 1 ✔
[ab/a040c8] calculateGroupings (1)         | 1 of 1 ✔
[-        ] enrichClusterSummary           -
[-        ] createNetworkGraphML           -
[1f/2a298e] createTallRawData (1)          | 1 of 1 ✔
[-        ] createMztabOutput              -

executor >  slurm (162)
[d9/74147c] filesummary (1)                | 1 of 1 ✔
[99/b841ff] qua…tion_table_reformatted (1) | 1 of 1 ✔
[19/ea6820] filter_spectra (1)             | 1 of 1 ✔
[49/f74562] librarySearchData (37)         | 75 of 75 ✔
[80/ea9f34] librarymergeResults            | 1 of 1 ✔
[5d/a7602d] summaryLibrary (64)            | 75 of 75 ✔
[5e/a3ed1e] librarygetGNPSAnnotations (1)  | 0 of 1
[be/55d58f] networkingGNPSPrepParams (1)   | 1 of 1 ✔
[39/edca18] calculatePairs (1)             | 2 of 2 ✔
[13/dea9a8] filterNetwork (1)              | 1 of 1 ✔
[66/909f36] createMetadataFile             | 1 of 1 ✔
[ab/a040c8] calculateGroupings (1)         | 1 of 1 ✔
[-        ] enrichClusterSummary           -
[-        ] createNetworkGraphML           -
[1f/2a298e] createTallRawData (1)          | 1 of 1 ✔
[-        ] createMztabOutput              -

executor >  slurm (162)
[d9/74147c] filesummary (1)                | 1 of 1 ✔
[99/b841ff] qua…tion_table_reformatted (1) | 1 of 1 ✔
[19/ea6820] filter_spectra (1)             | 1 of 1 ✔
[49/f74562] librarySearchData (37)         | 75 of 75 ✔
[80/ea9f34] librarymergeResults            | 1 of 1 ✔
[5d/a7602d] summaryLibrary (64)            | 75 of 75 ✔
[5e/a3ed1e] librarygetGNPSAnnotations (1)  | 0 of 1
[be/55d58f] networkingGNPSPrepParams (1)   | 1 of 1 ✔
[39/edca18] calculatePairs (1)             | 2 of 2 ✔
[13/dea9a8] filterNetwork (1)              | 1 of 1 ✔
[66/909f36] createMetadataFile             | 1 of 1 ✔
[ab/a040c8] calculateGroupings (1)         | 1 of 1 ✔
[-        ] enrichClusterSummary           -
[-        ] createNetworkGraphML           -
[1f/2a298e] createTallRawData (1)          | 1 of 1 ✔
[-        ] createMztabOutput              -

executor >  slurm (163)
[d9/74147c] filesummary (1)                | 1 of 1 ✔
[99/b841ff] qua…tion_table_reformatted (1) | 1 of 1 ✔
[19/ea6820] filter_spectra (1)             | 1 of 1 ✔
[49/f74562] librarySearchData (37)         | 75 of 75 ✔
[80/ea9f34] librarymergeResults            | 1 of 1 ✔
[5d/a7602d] summaryLibrary (64)            | 75 of 75 ✔
[5e/a3ed1e] librarygetGNPSAnnotations (1)  | 1 of 1 ✔
[be/55d58f] networkingGNPSPrepParams (1)   | 1 of 1 ✔
[39/edca18] calculatePairs (1)             | 2 of 2 ✔
[13/dea9a8] filterNetwork (1)              | 1 of 1 ✔
[66/909f36] createMetadataFile             | 1 of 1 ✔
[ab/a040c8] calculateGroupings (1)         | 1 of 1 ✔
[8f/bee70e] enrichClusterSummary (1)       | 0 of 1
[-        ] createNetworkGraphML           -
[1f/2a298e] createTallRawData (1)          | 1 of 1 ✔
[-        ] createMztabOutput              -

executor >  slurm (165)
[d9/74147c] filesummary (1)                | 1 of 1 ✔
[99/b841ff] qua…tion_table_reformatted (1) | 1 of 1 ✔
[19/ea6820] filter_spectra (1)             | 1 of 1 ✔
[49/f74562] librarySearchData (37)         | 75 of 75 ✔
[80/ea9f34] librarymergeResults            | 1 of 1 ✔
[5d/a7602d] summaryLibrary (64)            | 75 of 75 ✔
[5e/a3ed1e] librarygetGNPSAnnotations (1)  | 1 of 1 ✔
[be/55d58f] networkingGNPSPrepParams (1)   | 1 of 1 ✔
[39/edca18] calculatePairs (1)             | 2 of 2 ✔
[13/dea9a8] filterNetwork (1)              | 1 of 1 ✔
[66/909f36] createMetadataFile             | 1 of 1 ✔
[ab/a040c8] calculateGroupings (1)         | 1 of 1 ✔
[8f/bee70e] enrichClusterSummary (1)       | 1 of 1 ✔
[a1/adb3c9] createNetworkGraphML (1)       | 0 of 1
[1f/2a298e] createTallRawData (1)          | 1 of 1 ✔
[6c/24e832] createMztabOutput (1)          | 0 of 1

executor >  slurm (165)
[d9/74147c] filesummary (1)                | 1 of 1 ✔
[99/b841ff] qua…tion_table_reformatted (1) | 1 of 1 ✔
[19/ea6820] filter_spectra (1)             | 1 of 1 ✔
[49/f74562] librarySearchData (37)         | 75 of 75 ✔
[80/ea9f34] librarymergeResults            | 1 of 1 ✔
[5d/a7602d] summaryLibrary (64)            | 75 of 75 ✔
[5e/a3ed1e] librarygetGNPSAnnotations (1)  | 1 of 1 ✔
[be/55d58f] networkingGNPSPrepParams (1)   | 1 of 1 ✔
[39/edca18] calculatePairs (1)             | 2 of 2 ✔
[13/dea9a8] filterNetwork (1)              | 1 of 1 ✔
[66/909f36] createMetadataFile             | 1 of 1 ✔
[ab/a040c8] calculateGroupings (1)         | 1 of 1 ✔
[8f/bee70e] enrichClusterSummary (1)       | 1 of 1 ✔
[a1/adb3c9] createNetworkGraphML (1)       | 1 of 1 ✔
[1f/2a298e] createTallRawData (1)          | 1 of 1 ✔
[6c/24e832] createMztabOutput (1)          | 1 of 1 ✔

executor >  slurm (165)
[d9/74147c] filesummary (1)                | 1 of 1 ✔
[99/b841ff] qua…tion_table_reformatted (1) | 1 of 1 ✔
[19/ea6820] filter_spectra (1)             | 1 of 1 ✔
[49/f74562] librarySearchData (37)         | 75 of 75 ✔
[80/ea9f34] librarymergeResults            | 1 of 1 ✔
[5d/a7602d] summaryLibrary (64)            | 75 of 75 ✔
[5e/a3ed1e] librarygetGNPSAnnotations (1)  | 1 of 1 ✔
[be/55d58f] networkingGNPSPrepParams (1)   | 1 of 1 ✔
[39/edca18] calculatePairs (1)             | 2 of 2 ✔
[13/dea9a8] filterNetwork (1)              | 1 of 1 ✔
[66/909f36] createMetadataFile             | 1 of 1 ✔
[ab/a040c8] calculateGroupings (1)         | 1 of 1 ✔
[8f/bee70e] enrichClusterSummary (1)       | 1 of 1 ✔
[a1/adb3c9] createNetworkGraphML (1)       | 1 of 1 ✔
[1f/2a298e] createTallRawData (1)          | 1 of 1 ✔
[6c/24e832] createMztabOutput (1)          | 1 of 1 ✔
Completed at: 04-May-2026 12:47:45
Duration    : 6m 47s
CPU hours   : 0.4
Succeeded   : 165


